// Jest Snapshot v1, https://goo.gl/fbAQLP

exports[`it should render component correctly 1`] = `
Object {
  "asFragment": [Function],
  "baseElement": <body>
    <div>
      <div
        class="makeStyles-wrapper-1"
        data-testid="commit-element"
      >
        <li
          class="MuiListItem-root MuiListItem-gutters MuiListItem-alignItemsFlexStart"
        >
          <div
            class="MuiListItemAvatar-root MuiListItemAvatar-alignItemsFlexStart"
          >
            <div
              class="MuiAvatar-root MuiAvatar-circle"
            >
              <img
                alt="Avatar"
                class="MuiAvatar-img"
                src="https://avatars.githubusercontent.com/u/2440089?v=4"
              />
            </div>
          </div>
          <div
            class="MuiListItemText-root makeStyles-listItem-3 MuiListItemText-multiline"
          >
            <span
              class="MuiTypography-root MuiListItemText-primary MuiTypography-body1 MuiTypography-displayBlock"
            >
              name
            </span>
            <p
              class="MuiTypography-root MuiListItemText-secondary MuiTypography-body2 MuiTypography-colorTextSecondary MuiTypography-displayBlock"
            >
              <span
                class="MuiTypography-root makeStyles-inline-2 MuiTypography-body2 MuiTypography-colorTextPrimary"
              >
                08-03-2021
              </span>
               - 
            </p>
          </div>
        </li>
        <hr
          class="MuiDivider-root MuiDivider-inset"
        />
      </div>
    </div>
  </body>,
  "container": <div>
    <div
      class="makeStyles-wrapper-1"
      data-testid="commit-element"
    >
      <li
        class="MuiListItem-root MuiListItem-gutters MuiListItem-alignItemsFlexStart"
      >
        <div
          class="MuiListItemAvatar-root MuiListItemAvatar-alignItemsFlexStart"
        >
          <div
            class="MuiAvatar-root MuiAvatar-circle"
          >
            <img
              alt="Avatar"
              class="MuiAvatar-img"
              src="https://avatars.githubusercontent.com/u/2440089?v=4"
            />
          </div>
        </div>
        <div
          class="MuiListItemText-root makeStyles-listItem-3 MuiListItemText-multiline"
        >
          <span
            class="MuiTypography-root MuiListItemText-primary MuiTypography-body1 MuiTypography-displayBlock"
          >
            name
          </span>
          <p
            class="MuiTypography-root MuiListItemText-secondary MuiTypography-body2 MuiTypography-colorTextSecondary MuiTypography-displayBlock"
          >
            <span
              class="MuiTypography-root makeStyles-inline-2 MuiTypography-body2 MuiTypography-colorTextPrimary"
            >
              08-03-2021
            </span>
             - 
          </p>
        </div>
      </li>
      <hr
        class="MuiDivider-root MuiDivider-inset"
      />
    </div>
  </div>,
  "debug": [Function],
  "findAllByAltText": [Function],
  "findAllByDisplayValue": [Function],
  "findAllByLabelText": [Function],
  "findAllByPlaceholderText": [Function],
  "findAllByRole": [Function],
  "findAllByTestId": [Function],
  "findAllByText": [Function],
  "findAllByTitle": [Function],
  "findByAltText": [Function],
  "findByDisplayValue": [Function],
  "findByLabelText": [Function],
  "findByPlaceholderText": [Function],
  "findByRole": [Function],
  "findByTestId": [Function],
  "findByText": [Function],
  "findByTitle": [Function],
  "getAllByAltText": [Function],
  "getAllByDisplayValue": [Function],
  "getAllByLabelText": [Function],
  "getAllByPlaceholderText": [Function],
  "getAllByRole": [Function],
  "getAllByTestId": [Function],
  "getAllByText": [Function],
  "getAllByTitle": [Function],
  "getByAltText": [Function],
  "getByDisplayValue": [Function],
  "getByLabelText": [Function],
  "getByPlaceholderText": [Function],
  "getByRole": [Function],
  "getByTestId": [Function],
  "getByText": [Function],
  "getByTitle": [Function],
  "queryAllByAltText": [Function],
  "queryAllByDisplayValue": [Function],
  "queryAllByLabelText": [Function],
  "queryAllByPlaceholderText": [Function],
  "queryAllByRole": [Function],
  "queryAllByTestId": [Function],
  "queryAllByText": [Function],
  "queryAllByTitle": [Function],
  "queryByAltText": [Function],
  "queryByDisplayValue": [Function],
  "queryByLabelText": [Function],
  "queryByPlaceholderText": [Function],
  "queryByRole": [Function],
  "queryByTestId": [Function],
  "queryByText": [Function],
  "queryByTitle": [Function],
  "rerender": [Function],
  "unmount": [Function],
}
`;
